2024-01-01 00:00:01,001 - INFO - Application started successfully.
2024-01-01 00:00:02,123 - INFO - User 'john_doe' logged in from 192.168.1.5.
2024-01-01 00:00:03,456 - DEBUG - Database connection pool initialized.
2024-01-01 00:00:04,789 - INFO - Processing batch job 'DailyReports'.
2024-01-01 00:00:05,012 - WARNING - Low disk space on /var/log, 15% remaining.
2024-01-01 00:00:06,345 - ERROR - Failed to connect to external API: Connection refused.
2024-01-01 00:00:07,678 - INFO - Data synchronization started for 'ProductCatalog'.
2024-01-01 00:00:08,901 - INFO - User 'jane_smith' logged out.
2024-01-01 00:00:09,234 - DEBUG - Cache hit for key 'product_123'.
2024-01-01 00:00:10,567 - INFO - Email notification sent to 'admin@example.com'.
2024-01-01 00:00:11,890 - WARNING - Deprecated function 'old_parser' used in module 'data_processor'.
2024-01-01 00:00:12,123 - ERROR - NullPointerException in 'UserManager.getUserById(id=null)'.
2024-01-01 00:00:13,456 - INFO - Scheduled task 'HourlyBackup' completed.
2024-01-01 00:00:14,789 - INFO - API request received from 203.0.113.10 for /api/v1/status.
2024-01-01 00:00:15,012 - DEBUG - Processing user input: 'search term'.
2024-01-01 00:00:16,345 - WARNING - Failed login attempt for user 'guest' from 10.0.0.5.
2024-01-01 00:00:17,678 - INFO - Configuration reloaded from 'config.yaml'.
2024-01-01 00:00:18,901 - INFO - Service 'PaymentGateway' responded in 250ms.
2024-01-01 00:00:19,234 - ERROR - File 'users.csv' not found in data directory.
2024-01-01 00:00:20,567 - INFO - Health check successful for database service.
2024-01-01 00:00:21,890 - DEBUG - Session created for user ID: 7890.
2024-01-01 00:00:22,123 - INFO - Generating report 'SalesSummary_Q1'.
2024-01-01 00:00:23,456 - WARNING - High CPU usage detected: 85%.
2024-01-01 00:00:24,789 - INFO - Resource allocated: Memory=512MB.
2024-01-01 00:00:25,012 - ERROR - Database write error: Duplicate key entry for 'order_id_54321'.
2024-01-01 00:00:26,345 - INFO - Security audit log: access granted to 'system_admin'.
2024-01-01 00:00:27,678 - DEBUG - Query executed: SELECT * FROM products LIMIT 10.
2024-01-01 00:00:28,901 - INFO - Notification queue processed: 10 messages.
2024-01-01 00:00:29,234 - WARNING - Incompatible library version found: 'libxml2.so.6'.
2024-01-01 00:00:30,567 - ERROR - Network timeout while fetching data from 'thirdparty.com'.
2024-01-01 00:00:31,890 - INFO - User 'alice_g' updated profile information.
2024-01-01 00:00:32,123 - INFO - Starting web server on port 8080.
2024-01-01 00:00:33,456 - DEBUG - Request body parsed successfully.
2024-01-01 00:00:34,789 - INFO - Background task 'CleanupOldFiles' started.
2024-01-01 00:00:35,012 - WARNING - Certificate 'SSL_Cert_Prod' expires in 45 days.
2024-01-01 00:00:36,345 - ERROR - Critical service 'AuthService' is down.
2024-01-01 00:00:37,678 - INFO - Metrics collected for 'CPU_Load'.
2024-01-01 00:00:38,901 - INFO - Transaction ID 98765 committed successfully.
2024-01-01 00:00:39,234 - DEBUG - Route matched: /users/{id}.
2024-01-01 00:00:40,567 - INFO - Deployment 'v2.1.0' completed.
2024-01-01 00:00:41,890 - WARNING - Unhandled exception in 'ImageProcessor', but continuing.
2024-01-01 00:00:42,123 - ERROR - Memory allocation failed for 1GB buffer.
2024-01-01 00:00:43,456 - INFO - User 'bob_m' changed password.
2024-01-01 00:00:44,789 - INFO - System uptime: 12 hours.
2024-01-01 00:00:45,012 - DEBUG - Data received from client: 1024 bytes.
2024-01-01 00:00:46,345 - WARNING - Potential deadlock detected in 'TransactionManager'.
2024-01-01 00:00:47,678 - INFO - Audit log: file 'configuration.json' modified by 'deploy_user'.
2024-01-01 00:00:48,901 - INFO - Data validation passed for input form.
2024-01-01 00:00:49,234 - ERROR - Invalid argument 'count' provided to function 'paginate'.
2024-01-01 00:00:50,567 - INFO - Backup to S3 bucket 'my-app-backups' initiated.
2024-01-01 00:00:51,890 - INFO - Monitoring agent connected.
2024-01-01 00:00:52,123 - DEBUG - Parsed request headers: {'User-Agent': 'Mozilla/5.0'}.
2024-01-01 00:00:53,456 - WARNING - Response time for /data/large is 2.5s, exceeding threshold.
2024-01-01 00:00:54,789 - INFO - New session established for guest user.
2024-01-01 00:00:55,012 - ERROR - Disk full error while writing to '/data/output.tmp'.
2024-01-01 00:00:56,345 - INFO - Configuration parameter 'feature_flag_X' enabled.
2024-01-01 00:00:57,678 - INFO - User 'charlie_d' viewed product ID: 5555.
2024-01-01 00:00:58,901 - DEBUG - SQL query prepared: INSERT INTO logs VALUES (...).
2024-01-01 00:00:59,234 - WARNING - External service 'AnalyticsAPI' returned status 503.
2024-01-02 00:00:00,567 - INFO - Daily maintenance script executed.
2024-01-02 00:00:01,890 - INFO - Authentication token refreshed for 'service_account'.
2024-01-02 00:00:02,123 - ERROR - Unresolvable host 'database-replica.internal'.
2024-01-02 00:00:03,456 - INFO - User 'eve_f' updated preferences.
2024-01-02 00:00:04,789 - DEBUG - Function 'calculate_checksum' completed in 10ms.
2024-01-02 00:00:05,012 - WARNING - Insufficient permissions for user 'reporter' on resource '/admin/logs'.
2024-01-02 00:00:06,345 - INFO - New message received in queue 'notifications'.
2024-01-02 00:00:07,678 - INFO - Cache invalidated for 'all_users'.
2024-01-02 00:00:08,901 - ERROR - Index out of bounds exception in 'ArraySorter'.
2024-01-02 00:00:09,234 - INFO - Session timeout for user ID: 12345.
2024-01-02 00:00:10,567 - DEBUG - Raw request body: {"action": "update", "data": {...}}.
2024-01-02 00:00:11,890 - WARNING - Connection reset by peer for client 172.16.0.1.
2024-01-02 00:00:12,123 - INFO - Data export to 'export_20240102.csv' initiated.
2024-01-02 00:00:13,456 - ERROR - Configuration error: 'database_port' is missing.
2024-01-02 00:00:14,789 - INFO - Process 'WorkerPool-01' started.
2024-01-02 00:00:15,012 - DEBUG - Authenticating request with JWT token.
2024-01-02 00:00:16,345 - WARNING - Too many open files detected.
2024-01-02 00:00:17,678 - INFO - User 'frank_g' added item to cart: 'Laptop X'.
2024-01-02 00:00:18,901 - INFO - Load balancer reports healthy backend.
2024-01-02 00:00:19,234 - ERROR - Runtime error: Division by zero in 'CalculatorService'.
2024-01-02 00:00:20,567 - INFO - Disk cleanup completed, 5GB freed.
2024-01-02 00:00:21,890 - DEBUG - Response headers: {'Content-Type': 'application/json'}.
2024-01-02 00:00:22,123 - WARNING - External dependency 'reporting-service' is slow.
2024-01-02 00:00:23,456 - INFO - New user registration: 'grace_h'.
2024-01-02 00:00:24,789 - INFO - Event 'UserLoggedIn' published to message queue.
2024-01-02 00:00:25,012 - ERROR - SSL handshake failed with 'payment-api.com'.
2024-01-02 00:00:26,345 - INFO - System reboot initiated by 'sys_admin'.
2024-01-02 00:00:27,678 - DEBUG - Deserializing object of type 'UserProfile'.
2024-01-02 00:00:28,901 - INFO - Cron job 'SyncData' ran successfully.
2024-01-02 00:00:29,234 - WARNING - Unable to acquire lock for resource 'resource_A'.
2024-01-02 00:00:30,567 - ERROR - File system read error on '/mnt/data/archive'.
2024-01-02 00:00:31,890 - INFO - Client 'mobile_app' connected.
2024-01-02 00:00:32,123 - INFO - Batch processing for 'FinancialTransactions' completed.
2024-01-02 00:00:33,456 - DEBUG - Logging level set to INFO.
2024-01-02 00:00:34,789 - INFO - User 'harry_i' placed order #10001.
2024-01-02 00:00:35,012 - WARNING - Excessive memory usage by process ID 12345 (2GB).
2024-01-02 00:00:36,345 - ERROR - Database deadlock detected, transaction rolled back.
2024-01-02 00:00:37,678 - INFO - User 'isabel_j' reset password.
2024-01-02 00:00:38,901 - INFO - Report 'InventoryStatus' generated.
2024-01-02 00:00:39,234 - DEBUG - API endpoint '/status' called.
2024-01-02 00:00:40,567 - WARNING - Outgoing email server is unreachable.
2024-01-02 00:00:41,890 - ERROR - Failed to load module 'PaymentProcessor'.
2024-01-02 00:00:42,123 - INFO - New firmware version detected.
2024-01-02 00:00:43,456 - INFO - User 'kevin_l' updated shipping address.
2024-01-02 00:00:44,789 - DEBUG - HTTP POST request to /api/orders.
2024-01-02 00:00:45,012 - WARNING - Data inconsistency detected in 'User' table.
2024-01-02 00:00:46,345 - INFO - Service 'NotificationService' started.
2024-01-02 00:00:47,678 - ERROR - Insufficient funds for transaction ID: 56789.
2024-01-02 00:00:48,901 - INFO - Asset 'image_1.jpg' uploaded successfully.
2024-01-02 00:00:49,234 - DEBUG - Function 'process_image' execution time: 150ms.
2024-01-02 00:00:50,567 - WARNING - Potential SQL injection attempt detected from 1.2.3.4.
2024-01-02 00:00:51,890 - INFO - Firewall rule updated.
2024-01-02 00:00:52,123 - INFO - User 'linda_m' viewed product ID: 6789.
2024-01-02 00:00:53,456 - ERROR - JSON parsing error in request body.
2024-01-02 00:00:54,789 - INFO - Gateway 'SMS_Gateway' reconnected.
2024-01-02 00:00:55,012 - DEBUG - Cookie 'session_id' set.
2024-01-02 00:00:56,345 - WARNING - Certificate chain verification failed.
2024-01-02 00:00:57,678 - INFO - Queue 'AuditLog' has 500 messages pending.
2024-01-02 00:00:58,901 - ERROR - Remote server closed connection unexpectedly.
2024-01-02 00:00:59,234 - INFO - Data integrity check initiated.
2024-01-03 00:00:00,567 - INFO - User 'mike_n' subscribed to newsletter.
2024-01-03 00:00:01,890 - DEBUG - Resolving DNS for 'api.example.com'.
2024-01-03 00:00:02,123 - WARNING - Network latency detected for external calls.
2024-01-03 00:00:03,456 - INFO - New software update available.
2024-01-03 00:00:04,789 - ERROR - Service 'ElasticSearch' is unreachable.
2024-01-03 00:00:05,012 - INFO - User 'nancy_o' logged in from 192.168.1.15.
2024-01-03 00:00:06,345 - INFO - Report 'MonthlySales' generated successfully.
2024-01-03 00:00:07,678 - DEBUG - Received POST data: {"name": "Test Item"}.
2024-01-03 00:00:08,901 - WARNING - Deprecated API endpoint '/v1/users' accessed.
2024-01-03 00:00:09,234 - INFO - Application uptime: 2 days.
2024-01-03 00:00:10,567 - ERROR - Access denied for user 'guest_user' to resource '/data/sensitive'.
2024-01-03 00:00:11,890 - INFO - Database replication lag: 5 seconds.
2024-01-03 00:00:12,123 - INFO - User 'olivia_p' purchased 'Widget A'.
2024-01-03 00:00:13,456 - DEBUG - Cache eviction policy executed.
2024-01-03 00:00:14,789 - WARNING - Unrecognized configuration option 'strict_mode'.
2024-01-03 00:00:15,012 - ERROR - Connection pool exhausted for 'UserService'.
2024-01-03 00:00:16,345 - INFO - System resource monitoring started.
2024-01-03 00:00:17,678 - INFO - User 'peter_q' logged out.
2024-01-03 00:00:18,901 - DEBUG - Encrypting data before storage.
2024-01-03 00:00:19,234 - WARNING - Large file transfer failed checksum verification.
2024-01-03 00:00:20,567 - INFO - Service 'SearchIndex' reindexed.
2024-01-03 00:00:21,890 - ERROR - Invalid XML format in response from 'partner_api'.
2024-01-03 00:00:22,123 - INFO - User 'quinn_r' requested password reset link.
2024-01-03 00:00:23,456 - INFO - Health check passed for all microservices.
2024-01-03 00:00:24,789 - DEBUG - Performing data sanitization.
2024-01-03 00:00:25,012 - WARNING - High number of retries for API call to 'ExternalService'.
2024-01-03 00:00:26,345 - INFO - Database backup to cloud storage complete.
2024-01-03 00:00:27,678 - ERROR - Disk I/O error on device '/dev/sda1'.
2024-01-03 00:00:28,901 - INFO - User 'rachel_s' confirmed email address.
2024-01-03 00:00:29,234 - DEBUG - Method 'process_payment' invoked.
2024-01-03 00:00:30,567 - WARNING - Potential XSS vulnerability detected in user input.
2024-01-03 00:00:31,890 - INFO - Message queue 'Orders' has 0 messages.
2024-01-03 00:00:32,123 - ERROR - Certificate has expired for 'secure.example.com'.
2024-01-03 00:00:33,456 - INFO - User 'steve_t' added review for product 'Book X'.
2024-01-03 00:00:34,789 - INFO - Application heartbeat: OK.
2024-01-03 00:00:35,012 - DEBUG - Resolving external dependencies.
2024-01-03 00:00:36,345 - WARNING - Thread pool starvation detected in 'WorkerService'.
2024-01-03 00:00:37,678 - INFO - System alert: CPU usage at 95%, triggering auto-scaling.
2024-01-03 00:00:38,901 - ERROR - Service 'RecommendationEngine' returned 404 Not Found.
2024-01-03 00:00:39,234 - INFO - User 'tina_u' updated password.
2024-01-03 00:00:40,567 - DEBUG - Building response for client.
2024-01-03 00:00:41,890 - WARNING - Uncommitted transactions found in database.
2024-01-03 00:00:42,123 - INFO - Scheduled task 'DataPurge' completed.
2024-01-03 00:00:43,456 - ERROR - Network error: Host unreachable.
2024-01-03 00:00:44,789 - INFO - User 'uma_v' logged in using SSO.
2024-01-03 00:00:45,012 - INFO - Application version: 3.0.0.
2024-01-03 00:00:46,345 - DEBUG - Validating form fields.
2024-01-03 00:00:47,678 - WARNING - Slow query detected: 'SELECT * FROM orders WHERE status='pending'' took 5000ms.
2024-01-03 00:00:48,901 - INFO - New message posted to 'AdminChannel'.
2024-01-03 00:00:49,234 - ERROR - Invalid credentials for 'SFTP_server'.
2024-01-03 00:00:50,567 - INFO - User 'victor_w' requested product refund.
2024-01-03 00:00:51,890 - INFO - System load average: 0.5, 0.7, 0.6.
2024-01-03 00:00:52,123 - DEBUG - Data marshaled to JSON.
2024-01-03 00:00:53,456 - WARNING - Service 'EmailService' queue is backing up.
2024-01-03 00:00:54,789 - INFO - Background worker 'InvoiceGenerator' completed.
2024-01-03 00:00:55,012 - ERROR - Memory limit exceeded for process 'ImageConverter'.
2024-01-03 00:00:56,345 - INFO - User 'wendy_x' activated new feature.
2024-01-03 00:00:57,678 - INFO - Database index 'idx_users_email' created.
2024-01-03 00:00:58,901 - DEBUG - Accessing remote file: 'sftp://backup/data.zip'.
2024-01-03 00:00:59,234 - WARNING - Inconsistent data found in 'UserPreferences' for user ID: 123.
2024-01-04 00:00:00,567 - INFO - Application shutdown initiated.
2024-01-04 00:00:01,890 - INFO - All services gracefully stopped.
2024-01-04 00:00:02,123 - ERROR - Could not unmount file system '/mnt/share'.
2024-01-04 00:00:03,456 - INFO - Server restarted after update.
2024-01-04 00:00:04,789 - DEBUG - Connecting to message broker.
2024-01-04 00:00:05,012 - WARNING - CPU temperature exceeding threshold: 85C.
2024-01-04 00:00:06,345 - INFO - New user 'xenia_y' registered.
2024-01-04 00:00:07,678 - ERROR - Failed to send heartbeat to cluster manager.
2024-01-04 00:00:08,901 - INFO - User 'yara_z' updated their profile.
2024-01-04 00:00:09,234 - DEBUG - Processing webhook event.
2024-01-04 00:00:10,567 - WARNING - Disk quota exceeded for user 'developer'.
2024-01-04 00:00:11,890 - INFO - Scheduled report 'DailySummary' completed.
2024-01-04 00:00:12,123 - ERROR - Database connection lost during query execution.
2024-01-04 00:00:13,456 - INFO - User 'zach_a' logged in successfully.
2024-01-04 00:00:14,789 - INFO - Service 'AssetManager' started.
2024-01-04 00:00:15,012 - DEBUG - Applying security policies.
2024-01-04 00:00:16,345 - WARNING - API key 'XYZ123' is nearly expired.
2024-01-04 00:00:17,678 - INFO - Background job 'DataCleanup' processed 1000 records.
2024-01-04 00:00:18,901 - ERROR - Permission denied: unable to write to '/etc/app/config.ini'.
2024-01-04 00:00:19,234 - INFO - User 'alex_b' added 3 items to cart.
2024-01-04 00:00:20,567 - INFO - New firmware update available for device 'Printer01'.
2024-01-04 00:00:21,890 - DEBUG - Response content length: 2048 bytes.
2024-01-04 00:00:22,123 - WARNING - External service 'CDN' responded with 429 Too Many Requests.
2024-01-04 00:00:23,456 - INFO - User 'ben_c' changed profile picture.
2024-01-04 00:00:24,789 - ERROR - Memory leak detected in module 'AnalyticsEngine'.
2024-01-04 00:00:25,012 - INFO - Transaction failed: Insufficient stock for product 'SKU-001'.
2024-01-04 00:00:26,345 - INFO - Database connection to 'replica_db' restored.
2024-01-04 00:00:27,678 - DEBUG - Processing message from queue 'SystemEvents'.
2024-01-04 00:00:28,901 - WARNING - Invalid date format in input field 'dob'.
2024-01-04 00:00:29,234 - INFO - User 'cindy_d' unsubscribed from marketing emails.
2024-01-04 00:00:30,567 - ERROR - Network device 'Router01' is unreachable.
2024-01-04 00:00:31,890 - INFO - API gateway routing request to 'UserService'.
2024-01-04 00:00:32,123 - INFO - Automated test 'FunctionalTest_Login' passed.
2024-01-04 00:00:33,456 - DEBUG - Performing data transformation.
2024-01-04 00:00:34,789 - WARNING - Certificate subject alternative name mismatch.
2024-01-04 00:00:35,012 - ERROR - File 'template.html' is corrupted.
2024-01-04 00:00:36,345 - INFO - User 'david_e' reported an issue.
2024-01-04 00:00:37,678 - INFO - Health check for 'LoadBalancer' successful.
2024-01-04 00:00:38,901 - DEBUG - Building SQL query with parameters.
2024-01-04 00:00:39,234 - WARNING - User 'intruder' attempted to access restricted endpoint.
2024-01-04 00:00:40,567 - INFO - System started successfully.
2024-01-04 00:00:41,890 - ERROR - Failed to initialize module 'PaymentGatewayConnector'.
2024-01-04 00:00:42,123 - INFO - User 'eliza_f' completed onboarding.
2024-01-04 00:00:43,456 - INFO - New connection from IP: 10.0.0.10.
2024-01-04 00:00:44,789 - DEBUG - Processing request for /dashboard.
2024-01-04 00:00:45,012 - WARNING - Database query timed out after 30 seconds.
2024-01-04 00:00:46,345 - INFO - Event 'OrderPlaced' sent to analytics.
2024-01-04 00:00:47,678 - ERROR - Resource not found: 'product_image_missing.png'.
2024-01-04 00:00:48,901 - INFO - User 'george_g' logged in again.
2024-01-04 00:00:49,234 - DEBUG - Compressing response data.
2024-01-04 00:00:50,567 - WARNING - Queue 'EmailQueue' is at 90% capacity.
2024-01-04 00:00:51,890 - INFO - Scheduled cleanup of temporary files completed.
2024-01-04 00:00:52,123 - ERROR - Unhandled exception during background job execution.
2024-01-04 00:00:53,456 - INFO - User 'hannah_h' updated profile picture.
2024-01-04 00:00:54,789 - INFO - Application service 'ProductService' is running.
2024-01-04 00:00:55,012 - DEBUG - Processing request for 'checkout'.
2024-01-04 00:00:56,345 - WARNING - Potential denial of service attack from 192.168.1.200.
2024-01-04 00:00:57,678 - INFO - New user 'ian_i' successfully registered.
2024-01-04 00:00:58,901 - ERROR - Critical component 'Scheduler' failed to start.
2024-01-04 00:00:59,234 - INFO - Data migration 'V1_to_V2' completed.
2024-01-05 00:00:00,567 - INFO - User 'jessica_j' changed password.
2024-01-05 00:00:01,890 - DEBUG - Validating API token.
2024-01-05 00:00:02,123 - WARNING - External service 'PaymentProvider' is returning errors.
2024-01-05 00:00:03,456 - INFO - Backup of configuration files completed.
2024-01-05 00:00:04,789 - ERROR - Failed to write to log file: Permission denied.
2024-01-05 00:00:05,012 - INFO - User 'kyle_k' viewed product ID: 8888.
2024-01-05 00:00:06,345 - INFO - Service 'AnalyticsService' processing events.
2024-01-05 00:00:07,678 - DEBUG - Decoding base64 encoded data.
2024-01-05 00:00:08,901 - WARNING - Invalid checksum for downloaded file.
2024-01-05 00:00:09,234 - INFO - New alert generated: 'Disk space low'.
2024-01-05 00:00:10,567 - ERROR - Database connection pool size limit reached.
2024-01-05 00:00:11,890 - INFO - User 'liam_l' updated shipping address.
2024-01-05 00:00:12,123 - INFO - Report 'FinancialOverview' generated.
2024-01-05 00:00:13,456 - DEBUG - Parsing JSON response.
2024-01-05 00:00:14,789 - WARNING - Failed to resolve DNS for 'internal-service.local'.
2024-01-05 00:00:15,012 - ERROR - Authentication failure for API key 'INVALID_KEY'.
2024-01-05 00:00:16,345 - INFO - User 'maya_m' logged in successfully.
2024-01-05 00:00:17,678 - INFO - Batch process 'UserSync' completed with 0 errors.
2024-01-05 00:00:18,901 - DEBUG - Initializing background task.
2024-01-05 00:00:19,234 - WARNING - Unexpected response from external service 'DataFeed'.
2024-01-05 00:00:20,567 - ERROR - Out of memory error while processing large image.
2024-01-05 00:00:21,890 - INFO - System health check passed.
2024-01-05 00:00:22,123 - INFO - User 'noah_n' subscribed to product updates.
2024-01-05 00:00:23,456 - DEBUG - Executing stored procedure 'SP_UpdateOrder'.
2024-01-05 00:00:24,789 - WARNING - Certificate 'Web_Cert_Dev' is self-signed.
2024-01-05 00:00:25,012 - ERROR - Filesystem corruption detected on '/dev/sdb1'.
2024-01-05 00:00:26,345 - INFO - User 'oliver_o' downloaded report.
2024-01-05 00:00:27,678 - INFO - Cron job 'DailyReports' started.
2024-01-05 00:00:28,901 - DEBUG - Calculating hash of file.
2024-01-05 00:00:29,234 - WARNING - High network traffic detected.
2024-01-05 00:00:30,567 - ERROR - API limit exceeded for 'GoogleMapsAPI'.
2024-01-05 00:00:31,890 - INFO - User 'penny_p' posted a comment.
2024-01-05 00:00:32,123 - INFO - Service 'SearchService' re-indexed.
2024-01-05 00:00:33,456 - DEBUG - Validating input parameter 'query'.
2024-01-05 00:00:34,789 - WARNING - Database table 'temp_data' not cleaned up.
2024-01-05 00:00:35,012 - ERROR - Connection refused by 'message_broker:9092'.
2024-01-05 00:00:36,345 - INFO - User 'quentin_q' logged out.
2024-01-05 00:00:37,678 - INFO - System alert: Memory usage at 90%, starting swap.
2024-01-05 00:00:38,901 - DEBUG - Preparing HTTP response.
2024-01-05 00:00:39,234 - WARNING - Resource 'queue_processor_1' is unresponsive.
2024-01-05 00:00:40,567 - ERROR - Invalid input format for 'CSV_parser'.
2024-01-05 00:00:41,890 - INFO - User 'rachel_r' requested support.
2024-01-05 00:00:42,123 - INFO - API endpoint '/metrics' accessed.
2024-01-05 00:00:43,456 - DEBUG - Logging out user session.
2024-01-05 00:00:44,789 - WARNING - Database 'staging_db' is nearing capacity.
2024-01-05 00:00:45,012 - ERROR - Critical update failed to apply.
2024-01-05 00:00:46,345 - INFO - User 'sam_s' completed checkout for order #10002.
2024-01-05 00:00:47,678 - INFO - Scheduled task 'HourlyDataSync' completed.
2024-01-05 00:00:48,901 - DEBUG - Reading configuration from environment variables.
2024-01-05 00:00:49,234 - WARNING - Invalid data received from 'LegacySystem'.
2024-01-05 00:00:50,567 - ERROR - Security vulnerability detected: SQL injection.
2024-01-05 00:00:51,890 - INFO - User 'tina_t' updated her email.
2024-01-05 00:00:52,123 - INFO - Application uptime: 4 days.
2024-01-05 00:00:53,456 - DEBUG - Performing garbage collection.
2024-01-05 00:00:54,789 - WARNING - Process 'ImageWorker' consumed too much memory.
2024-01-05 00:00:55,012 - ERROR - File not found: '/app/resources/config.xml'.
2024-01-05 00:00:56,345 - INFO - User 'uma_u' logged in using 2FA.
2024-01-05 00:00:57,678 - INFO - Service 'InventoryUpdate' completed.
2024-01-05 00:00:58,901 - DEBUG - API call to '/admin/health'.
2024-01-05 00:00:59,234 - WARNING - Disk performance degraded.
2024-01-06 00:00:00,567 - INFO - Application gracefully shut down.
2024-01-06 00:00:01,890 - INFO - System maintenance completed.
2024-01-06 00:00:02,123 - ERROR - Unexpected database schema mismatch.
2024-01-06 00:00:03,456 - INFO - Server rebooted.
2024-01-06 00:00:04,789 - DEBUG - Initializing logging system.
2024-01-06 00:00:05,012 - WARNING - Expired session detected for user 'old_user'.
2024-01-06 00:00:06,345 - INFO - User 'victor_v' logged in.
2024-01-06 00:00:07,678 - ERROR - Failed to load dynamic library 'crypto.dll'.
2024-01-06 00:00:08,901 - INFO - Service 'ReportGenerator' started.
2024-01-06 00:00:09,234 - DEBUG - Processing request for 'user-settings'.
2024-01-06 00:00:10,567 - WARNING - Out of date client 'iOS_App_v1.0' connected.
2024-01-06 00:00:11,890 - INFO - Database connection to 'main_db' established.
2024-01-06 00:00:12,123 - ERROR - Too many redirect attempts for URL 'http://old.example.com'.
2024-01-06 00:00:13,456 - INFO - User 'wendy_w' registered.
2024-01-06 00:00:14,789 - INFO - Background task 'DataSync' completed.
2024-01-06 00:00:15,012 - DEBUG - Building API response.
2024-01-06 00:00:16,345 - WARNING - Potential race condition in 'OrderProcessor'.
2024-01-06 00:00:17,678 - INFO - Metrics updated for 'request_duration_ms'.
2024-01-06 00:00:18,901 - ERROR - Invalid state transition for 'Order' object.
2024-01-06 00:00:19,234 - INFO - User 'xander_x' viewed product ID: 9999.
2024-01-06 00:00:20,567 - INFO - Application health check: All services OK.
2024-01-06 00:00:21,890 - DEBUG - Parsing query parameters.
2024-01-06 00:00:22,123 - WARNING - High number of network errors to external IP.
2024-01-06 00:00:23,456 - INFO - User 'yvonne_y' updated contact info.
2024-01-06 00:00:24,789 - ERROR - Certificate revocation check failed.
2024-01-06 00:00:25,012 - INFO - New security patch applied.
2024-01-06 00:00:26,345 - INFO - User 'zach_z' logged out.
2024-01-06 00:00:27,678 - DEBUG - Committing database transaction.
2024-01-06 00:00:28,901 - WARNING - File descriptor limit approaching.
2024-01-06 00:00:29,234 - INFO - Scheduled report 'WeeklySummary' generated.
2024-01-06 00:00:30,567 - ERROR - Required configuration value 'api_key_prod' is missing.
2024-01-06 00:00:31,890 - INFO - User 'anna_a' logged in successfully.
2024-01-06 00:00:32,123 - INFO - Service 'BillingService' processed payment.
2024-01-06 00:00:33,456 - DEBUG - Logging request path: /items.
2024-01-06 00:00:34,789 - WARNING - Slow API response from '/payments'.
2024-01-06 00:00:35,012 - ERROR - Database connection reset by peer.
2024-01-06 00:00:36,345 - INFO - User 'ben_b' subscribed to alerts.
2024-01-06 00:00:37,678 - INFO - System uptime: 5 days.
2024-01-06 00:00:38,901 - DEBUG - Executing background worker.
2024-01-06 00:00:39,234 - WARNING - Unused configuration entry 'old_feature'.
2024-01-06 00:00:40,567 - ERROR - Service 'Inventory' is overloaded.
2024-01-06 00:00:41,890 - INFO - User 'chris_c' placed new order #10003.
2024-01-06 00:00:42,123 - INFO - Data imported from 'external_source.xml'.
2024-01-06 00:00:43,456 - DEBUG - Validating JSON schema.
2024-01-06 00:00:44,789 - WARNING - Data transformation resulted in null values.
2024-01-06 00:00:45,012 - ERROR - Permission denied to access '/dev/null'.
2024-01-06 00:00:46,345 - INFO - User 'diana_d' requested account deletion.
2024-01-06 00:00:47,678 - INFO - Email sent: 'Order Confirmation'.
2024-01-06 00:00:48,901 - DEBUG - API call duration: 120ms.
2024-01-06 00:00:49,234 - WARNING - Outgoing connection to '1.1.1.1' refused.
2024-01-06 00:00:50,567 - ERROR - Unhandled network exception: Broken pipe.
2024-01-06 00:00:51,890 - INFO - User 'eric_e' updated billing info.
2024-01-06 00:00:52,123 - INFO - New log rotation initiated.
2024-01-06 00:00:53,456 - DEBUG - Processing response from webhook.
2024-01-06 00:00:54,789 - WARNING - API usage limit for 'StorageService' approaching.
2024-01-06 00:00:55,012 - ERROR - Data integrity check failed for 'UserTable'.
2024-01-06 00:00:56,345 - INFO - User 'fiona_f' logged in from a new device.
2024-01-06 00:00:57,678 - INFO - Server resource usage: CPU 50%, Memory 70%.
2024-01-06 00:00:58,901 - DEBUG - Serializing object to XML.
2024-01-06 00:00:59,234 - WARNING - Potential infinite loop detected in 'RecursiveFunction'.
2024-01-07 00:00:00,567 - INFO - Application restarted by administrator.
2024-01-07 00:00:01,890 - INFO - User 'greg_g' created a new account.
2024-01-07 00:00:02,123 - ERROR - Missing dependency: 'protobuf_library.so'.
2024-01-07 00:00:03,456 - INFO - Scheduled task 'HourlyMetrics' completed.
2024-01-07 00:00:04,789 - DEBUG - Retrieving data from cache.
2024-01-07 00:00:05,012 - WARNING - Incorrect time synchronization with NTP server.
2024-01-07 00:00:06,345 - INFO - User 'helen_h' unsubscribed from all emails.
2024-01-07 00:00:07,678 - ERROR - Runtime environment variable 'APP_CONFIG' is not set.
2024-01-07 00:00:08,901 - INFO - Service 'AuthGateway' responded with 200 OK.
2024-01-07 00:00:09,234 - INFO - Health check for 'Kafka' topic 'orders' successful.
2024-01-07 00:00:10,567 - DEBUG - Validating certificate.
2024-01-07 00:00:11,890 - WARNING - User 'attacker' tried to access restricted directory.
2024-01-07 00:00:12,123 - ERROR - Database connection error: 'Too many connections'.
2024-01-07 00:00:13,456 - INFO - User 'ivan_i' updated their profile.
2024-01-07 00:00:14,789 - INFO - New email notification sent.
2024-01-07 00:00:15,012 - DEBUG - Processing background job.
2024-01-07 00:00:16,345 - WARNING - Disk space on /opt/data is critically low, 5% remaining.
2024-01-07 00:00:17,678 - INFO - Application started with PID 1234.
2024-01-07 00:00:18,901 - ERROR - Failed to parse JSON: 'Unexpected end of input'.
2024-01-07 00:00:19,234 - INFO - User 'julia_j' logged in.
2024-01-07 00:00:20,567 - INFO - Data loaded from 'remote_storage'.
2024-01-07 00:00:21,890 - DEBUG - Calling external API: 'weather_api'.
2024-01-07 00:00:22,123 - WARNING - Unhandled exception in 'NetworkMonitor' thread.
2024-01-07 00:00:23,456 - INFO - Scheduled task 'DailySummaryReport' completed.
2024-01-07 00:00:24,789 - ERROR - Resource not found: 'product_image_123.jpg'.
2024-01-07 00:00:25,012 - INFO - User 'karen_k' placed order #10004.
2024-01-07 00:00:26,345 - INFO - New message received in queue 'system_alerts'.
2024-01-07 00:00:27,678 - DEBUG - Function 'process_data' executed.
2024-01-07 00:00:28,901 - WARNING - API rate limit approaching for 'PaymentService'.
2024-01-07 00:00:29,234 - INFO - System performance optimal.
2024-01-07 00:00:30,567 - ERROR - Failed to write to database: 'Deadlock found'.
2024-01-07 00:00:31,890 - INFO - User 'leo_l' unsubscribed.
2024-01-07 00:00:32,123 - INFO - Backup job 'HourlyDatabaseBackup' initiated.
2024-01-07 00:00:33,456 - DEBUG - Logging user session.
2024-01-07 00:00:34,789 - WARNING - Unknown user agent: 'BadBot/1.0'.
2024-01-07 00:00:35,012 - ERROR - Cannot bind to port 80: Address already in use.
2024-01-07 00:00:36,345 - INFO - User 'mia_m' viewed analytics dashboard.
2024-01-07 00:00:37,678 - INFO - Cron job 'CleanupOldSessions' completed.
2024-01-07 00:00:38,901 - DEBUG - Reading environment variable 'APP_MODE'.
2024-01-07 00:00:39,234 - WARNING - External service 'CDN_Provider' reported errors.
2024-01-07 00:00:40,567 - ERROR - Invalid input data for 'UserRegistrationService'.
2024-01-07 00:00:41,890 - INFO - User 'nathan_n' completed survey.
2024-01-07 00:00:42,123 - INFO - Security audit: no anomalies detected.
2024-01-07 00:00:43,456 - DEBUG - Calculating response time.
2024-01-07 00:00:44,789 - WARNING - Certificate expiration in 10 days for 'api.internal.com'.
2024-01-07 00:00:45,012 - ERROR - Critical system process 'FileManager' stopped unexpectedly.
2024-01-07 00:00:46,345 - INFO - User 'olivia_o' added a new address.
2024-01-07 00:00:47,678 - INFO - Service 'NotificationBroker' started.
2024-01-07 00:00:48,901 - DEBUG - Encrypting user data.
2024-01-07 00:00:49,234 - WARNING - Unrecognized payment method 'CryptoCoin'.
2024-01-07 00:00:50,567 - ERROR - Failed to access file system: Read-only file system.
2024-01-07 00:00:51,890 - INFO - User 'paul_p' logged in from tablet.
2024-01-07 00:00:52,123 - INFO - Scheduled task 'ReportGeneration' completed.
2024-01-07 00:00:53,456 - DEBUG - Parsing request for 'json_data'.
2024-01-07 00:00:54,789 - WARNING - Potential buffer overflow in image processing.
2024-01-07 00:00:55,012 - ERROR - Database schema migration failed.
2024-01-07 00:00:56,345 - INFO - User 'quincy_q' created new project.
2024-01-07 00:00:57,678 - INFO - API endpoint '/status' responded with 200.
2024-01-07 00:00:58,901 - DEBUG - Retrieving user preferences.
2024-01-07 00:00:59,234 - WARNING - Large number of failed password attempts for 'admin'.
2024-01-08 00:00:00,567 - INFO - Application service 'UserService' restarted.
2024-01-08 00:00:01,890 - INFO - User 'rachel_r' logged out.
2024-01-08 00:00:02,123 - ERROR - Connection refused by 'database-server:5432'.
2024-01-08 00:00:03,456 - INFO - Batch job 'DataImport' completed successfully.
2024-01-08 00:00:04,789 - DEBUG - Preparing statement for database.
2024-01-08 00:00:05,012 - WARNING - Disk space is critically low on root partition.
2024-01-08 00:00:06,345 - INFO - New user 'sam_s' registered from IP 172.16.0.20.
2024-01-08 00:00:07,678 - ERROR - Unhandled exception in 'PaymentProcessor'.
2024-01-08 00:00:08,901 - INFO - Email sent to support: 'Urgent Issue'.
2024-01-08 00:00:09,234 - DEBUG - API request to '/products/{id}' finished.
2024-01-08 00:00:10,567 - WARNING - Outgoing connection to 'analytics.thirdparty.com' failed.
2024-01-08 00:00:11,890 - INFO - User 'tina_t' updated account details.
2024-01-08 00:00:12,123 - ERROR - File 'app_config.json' is missing.
2024-01-08 00:00:13,456 - INFO - System health check: All services online.
2024-01-08 00:00:14,789 - INFO - Application started in production mode.
2024-01-08 00:00:15,012 - DEBUG - Loading security credentials.
2024-01-08 00:00:16,345 - WARNING - Deprecated library 'old_ssl_lib' used.
2024-01-08 00:00:17,678 - INFO - Scheduled task 'UserActivityLog' completed.
2024-01-08 00:00:18,901 - ERROR - Invalid token received from 'AuthService'.
2024-01-08 00:00:19,234 - INFO - User 'uma_u' downloaded invoice.
2024-01-08 00:00:20,567 - INFO - New version '4.0.0' deployed.
2024-01-08 00:00:21,890 - DEBUG - Processing user registration request.
2024-01-08 00:00:22,123 - WARNING - High memory consumption by 'SearchIndexer'.
2024-01-08 00:00:23,456 - INFO - User 'victor_v' logged in.
2024-01-08 00:00:24,789 - ERROR - Database query failed: 'Table not found'.
2024-01-08 00:00:25,012 - INFO - Background worker 'EmailSender' processed 100 emails.
2024-01-08 00:00:26,345 - INFO - System time synchronized with NTP.
2024-01-08 00:00:27,678 - DEBUG - Validating request payload.
2024-01-08 00:00:28,901 - WARNING - Possible SQL injection attempt detected from 'evil.com'.
2024-01-08 00:00:29,234 - INFO - User 'wendy_w' changed her password.
2024-01-08 00:00:30,567 - ERROR - Network connection dropped to 'external_api'.
2024-01-08 00:00:31,890 - INFO - Application gracefully shutting down.
2024-01-08 00:00:32,123 - INFO - All modules unloaded.
2024-01-08 00:00:33,456 - DEBUG - Releasing resources.
2024-01-08 00:00:34,789 - WARNING - Configuration file 'settings.conf' is missing.
2024-01-08 00:00:35,012 - ERROR - Failed to start HTTP server on port 8080.
2024-01-08 00:00:36,345 - INFO - User 'xenia_x' registered successfully.
2024-01-08 00:00:37,678 - INFO - System health: OK.
2024-01-08 00:00:38,901 - DEBUG - Processing authentication challenge.
2024-01-08 00:00:39,234 - WARNING - Incompatible data type for field 'amount'.
2024-01-08 00:00:40,567 - ERROR - Unresolvable host 'messagequeue.local'.
2024-01-08 00:00:41,890 - INFO - User 'yara_y' updated profile picture.
2024-01-08 00:00:42,123 - INFO - Scheduled task 'HourlyCleanup' completed.
2024-01-08 00:00:43,456 - DEBUG - Logging system performance.
2024-01-08 00:00:44,789 - WARNING - Potential memory leak detected in 'CacheService'.
2024-01-08 00:00:45,012 - ERROR - File write error: Disk quota exceeded.
2024-01-08 00:00:46,345 - INFO - User 'zach_z' logged in from desktop.
2024-01-08 00:00:47,678 - INFO - API endpoint '/data/feed' accessed by client 'Dashboard'.
2024-01-08 00:00:48,901 - DEBUG - Deserializing complex object.
2024-01-08 00:00:49,234 - WARNING - Response from 'thirdparty.api' was empty.
2024-01-08 00:00:50,567 - ERROR - Service 'Recommendation' is unresponsive.
2024-01-08 00:00:51,890 - INFO - User 'alice_a' updated shipping address.
2024-01-08 00:00:52,123 - INFO - Batch processing 'OrderFulfillment' initiated.
2024-01-08 00:00:53,456 - DEBUG - Calculating processing time for request.
2024-01-08 00:00:54,789 - WARNING - Expired SSL certificate detected on 'internal.service.com'.
2024-01-08 00:00:55,012 - ERROR - Authentication required for resource '/admin/status'.
2024-01-08 00:00:56,345 - INFO - User 'bob_b' placed order #10005.
2024-01-08 00:00:57,678 - INFO - New feature 'dark_mode' enabled globally.
2024-01-08 00:00:58,901 - DEBUG - Validating database connection string.
2024-01-08 00:00:59,234 - WARNING - Unsafe redirect detected to 'http://bad-site.com'.
2024-01-09 00:00:00,567 - INFO - Application starting...
2024-01-09 00:00:01,890 - INFO - User 'chris_c' logged in.
2024-01-09 00:00:02,123 - ERROR - Could not connect to remote file server.
2024-01-09 00:00:03,456 - INFO - Scheduled report 'InventoryReport' generated.
2024-01-09 00:00:04,789 - DEBUG - Processing incoming request.
2024-01-09 00:00:05,012 - WARNING - Database query took too long: 10s.
2024-01-09 00:00:06,345 - INFO - User 'diana_d' updated settings.
2024-01-09 00:00:07,678 - ERROR - Unexpected error during data parsing.
2024-01-09 00:00:08,901 - INFO - Service 'EmailService' sent 50 emails.
2024-01-09 00:00:09,234 - DEBUG - Fetching data from external cache.
2024-01-09 00:00:10,567 - WARNING - Certificate subject does not match hostname.
2024-01-09 00:00:11,890 - INFO - System resource usage: Memory 60%, CPU 40%.
2024-01-09 00:00:12,123 - ERROR - File 'invoice_template.pdf' not found.
2024-01-09 00:00:13,456 - INFO - User 'eric_e' created new album.
2024-01-09 00:00:14,789 - INFO - Application heartbeat: All systems nominal.
2024-01-09 00:00:15,012 - DEBUG - Decoding JWT token.
2024-01-09 00:00:16,345 - WARNING - Potential cross-site scripting (XSS) in URL parameter.
2024-01-09 00:00:17,678 - INFO - Background task 'ImageResize' completed.
2024-01-09 00:00:18,901 - ERROR - Invalid character in file path.
2024-01-09 00:00:19,234 - INFO - User 'fiona_f' logged out.
2024-01-09 00:00:20,567 - INFO - Security log: Successful login from 'mobile_device_id'.
2024-01-09 00:00:21,890 - DEBUG - Initializing network connection.
2024-01-09 00:00:22,123 - WARNING - External API 'PricingService' returned 400 Bad Request.
2024-01-09 00:00:23,456 - INFO - New user 'greg_g' signed up.
2024-01-09 00:00:24,789 - ERROR - Network timeout while connecting to 'payment_gateway'.
2024-01-09 00:00:25,012 - INFO - Service 'Scheduler' resumed operations.
2024-01-09 00:00:26,345 - INFO - User 'helen_h' reset her password.
2024-01-09 00:00:27,678 - DEBUG - Querying database for user data.
2024-01-09 00:00:28,901 - WARNING - Too many database connections from application server.
2024-01-09 00:00:29,234 - INFO - Automated test 'SmokeTest' passed.
2024-01-09 00:00:30,567 - ERROR - Disk write error: Insufficient space.
2024-01-09 00:00:31,890 - INFO - User 'ian_i' updated subscription.
2024-01-09 00:00:32,123 - INFO - Application uptime: 8 days.
2024-01-09 00:00:33,456 - DEBUG - Reading system properties.
2024-01-09 00:00:34,789 - WARNING - Potential for race condition in 'ShoppingCart' logic.
2024-01-09 00:00:35,012 - ERROR - Critical service 'Authentication' is unresponsive.
2024-01-09 00:00:36,345 - INFO - User 'julia_j' viewed product page.
2024-01-09 00:00:37,678 - INFO - Cron job 'DailyDatabaseMaintenance' completed.
2024-01-09 00:00:38,901 - DEBUG - Validating request headers.
2024-01-09 00:00:39,234 - WARNING - Unparsed environment variable 'SECRET_KEY_DEV'.
2024-01-09 00:00:40,567 - ERROR - Connection pool exhausted for 'ReportingService'.
2024-01-09 00:00:41,890 - INFO - User 'karen_k' reported an issue.
2024-01-09 00:00:42,123 - INFO - System health: Memory okay, CPU elevated.
2024-01-09 00:00:43,456 - DEBUG - Logging API response status.
2024-01-09 00:00:44,789 - WARNING - Certificate 'ClientCert' is untrusted.
2024-01-09 00:00:45,012 - ERROR - Permission denied to execute binary 'app_script.sh'.
2024-01-09 00:00:46,345 - INFO - User 'leo_l' logged in from 10.0.0.100.
2024-01-09 00:00:47,678 - INFO - Service 'DataProcessor' finished processing.
2024-01-09 00:00:48,901 - DEBUG - Querying external data source.
2024-01-09 00:00:49,234 - WARNING - Response time for '/search' is 1.5s, exceeding threshold.
2024-01-09 00:00:50,567 - ERROR - Invalid input format for 'XML_parser'.
2024-01-09 00:00:51,890 - INFO - User 'maya_m' purchased product 'Gadget B'.
2024-01-09 00:00:52,123 - INFO - New security event: 'Brute force attack detected'.
2024-01-09 00:00:53,456 - DEBUG - Parsing URL parameters.
2024-01-09 00:00:54,789 - WARNING - Database connection pool is nearly full.
2024-01-09 00:00:55,012 - ERROR - Application crashed due to segmentation fault.
2024-01-09 00:00:56,345 - INFO - User 'nathan_n' logged out.
2024-01-09 00:00:57,678 - INFO - System backup to 'NAS_Server' initiated.
2024-01-09 00:00:58,901 - DEBUG - Flushing logs to disk.
2024-01-09 00:00:59,234 - WARNING - External API 'WeatherService' returned 500 Internal Server Error.
2024-01-10 00:00:00,567 - INFO - Application started successfully.
2024-01-10 00:00:01,890 - INFO - User 'olivia_o' logged in from 192.168.1.5.
2024-01-10 00:00:02,123 - DEBUG - Database connection pool initialized.
2024-01-10 00:00:03,456 - INFO - Processing batch job 'DailyReports'.
2024-01-10 00:00:04,789 - WARNING - Low disk space on /var/log, 15% remaining.
2024-01-10 00:00:05,012 - ERROR - Failed to connect to external API: Connection refused.
2024-01-10 00:00:06,345 - INFO - Data synchronization started for 'ProductCatalog'.
2024-01-10 00:00:07,678 - INFO - User 'peter_p' logged out.
2024-01-10 00:00:08,901 - DEBUG - Cache hit for key 'product_123'.
2024-01-10 00:00:09,234 - INFO - Email notification sent to 'admin@example.com'.
2024-01-10 00:00:10,567 - WARNING - Deprecated function 'old_parser' used in module 'data_processor'.
2024-01-10 00:00:11,890 - ERROR - NullPointerException in 'UserManager.getUserById(id=null)'.
2024-01-10 00:00:12,123 - INFO - Scheduled task 'HourlyBackup' completed.
2024-01-10 00:00:13,456 - INFO - API request received from 203.0.113.10 for /api/v1/status.
2024-01-10 00:00:14,789 - DEBUG - Processing user input: 'search term'.
2024-01-10 00:00:15,012 - WARNING - Failed login attempt for user 'guest' from 10.0.0.5.
2024-01-10 00:00:16,345 - INFO - Configuration reloaded from 'config.yaml'.
2024-01-10 00:00:17,678 - INFO - Service 'PaymentGateway' responded in 250ms.
2024-01-10 00:00:18,901 - ERROR - File 'users.csv' not found in data directory.
2024-01-10 00:00:19,234 - INFO - Health check successful for database service.
2024-01-10 00:00:20,567 - DEBUG - Session created for user ID: 7890.
2024-01-10 00:00:21,890 - INFO - Generating report 'SalesSummary_Q1'.
2024-01-10 00:00:22,123 - WARNING - High CPU usage detected: 85%.
2024-01-10 00:00:23,456 - INFO - Resource allocated: Memory=512MB.
2024-01-10 00:00:24,789 - ERROR - Database write error: Duplicate key entry for 'order_id_54321'.
2024-01-10 00:00:25,012 - INFO - Security audit log: access granted to 'system_admin'.
2024-01-10 00:00:26,345 - DEBUG - Query executed: SELECT * FROM products LIMIT 10.
2024-01-10 00:00:27,678 - INFO - Notification queue processed: 10 messages.
2024-01-10 00:00:28,901 - WARNING - Incompatible library version found: 'libxml2.so.6'.
2024-01-10 00:00:29,234 - ERROR - Network timeout while fetching data from 'thirdparty.com'.
2024-01-10 00:00:30,567 - INFO - User 'quinn_q' updated profile information.
2024-01-10 00:00:31,890 - INFO - Starting web server on port 8080.
2024-01-10 00:00:32,123 - DEBUG - Request body parsed successfully.
2024-01-10 00:00:33,456 - INFO - Background task 'CleanupOldFiles' started.
2024-01-10 00:00:34,789 - WARNING - Certificate 'SSL_Cert_Prod' expires in 45 days.
2024-01-10 00:00:35,012 - ERROR - Critical service 'AuthService' is down.
2024-01-10 00:00:36,345 - INFO - Metrics collected for 'CPU_Load'.
2024-01-10 00:00:37,678 - INFO - Transaction ID 98765 committed successfully.
2024-01-10 00:00:38,901 - DEBUG - Route matched: /users/{id}.
2024-01-10 00:00:39,234 - INFO - Deployment 'v2.1.0' completed.
2024-01-10 00:00:40,567 - WARNING - Unhandled exception in 'ImageProcessor', but continuing.
2024-01-10 00:00:41,890 - ERROR - Memory allocation failed for 1GB buffer.
2024-01-10 00:00:42,123 - INFO - User 'rachel_r' changed password.
2024-01-10 00:00:43,456 - INFO - System uptime: 9 days.
2024-01-10 00:00:44,789 - DEBUG - Data received from client: 1024 bytes.
2024-01-10 00:00:45,012 - WARNING - Potential deadlock detected in 'TransactionManager'.
2024-01-10 00:00:46,345 - INFO - Audit log: file 'configuration.json' modified by 'deploy_user'.
2024-01-10 00:00:47,678 - INFO - Data validation passed for input form.
2024-01-10 00:00:48,901 - ERROR - Invalid argument 'count' provided to function 'paginate'.
2024-01-10 00:00:49,234 - INFO - Backup to S3 bucket 'my-app-backups' initiated.
2024-01-10 00:00:50,567 - INFO - Monitoring agent connected.
2024-01-10 00:00:51,890 - DEBUG - Parsed request headers: {'User-Agent': 'Mozilla/5.0'}.
2024-01-10 00:00:52,123 - WARNING - Response time for /data/large is 2.5s, exceeding threshold.
2024-01-10 00:00:53,456 - INFO - New session established for guest user.
2024-01-10 00:00:54,789 - ERROR - Disk full error while writing to '/data/output.tmp'.
2024-01-10 00:00:55,012 - INFO - Configuration parameter 'feature_flag_X' enabled.
2024-01-10 00:00:56,345 - INFO - User 'sam_s' viewed product ID: 5555.
2024-01-10 00:00:57,678 - DEBUG - SQL query prepared: INSERT INTO logs VALUES (...).
2024-01-10 00:00:58,901 - WARNING - External service 'AnalyticsAPI' returned status 503.
2024-01-10 00:00:59,234 - INFO - Daily maintenance script executed.
2024-01-01 00:00:19,234 - ERROR - File 'users.csv' not found in data directory.